// Jest Snapshot v1, https://goo.gl/fbAQLP

exports[`ToggleButtons renders 1`] = `
<View
  style={
    Object {
      "borderRadius": 5,
    }
  }
  testID="toggle-buttons-test"
>
  <View
    removeClippedSubviews={false}
    style={
      Array [
        Object {
          "backgroundColor": "transparent",
          "flexDirection": "row",
        },
        Object {},
      ]
    }
  >
    <View
      accessibilityLabel="Formatted a"
      accessible={true}
      focusable={true}
      isTVSelectable={true}
      onClick={[Function]}
      onResponderGrant={[Function]}
      onResponderMove={[Function]}
      onResponderRelease={[Function]}
      onResponderTerminate={[Function]}
      onResponderTerminationRequest={[Function]}
      onStartShouldSetResponder={[Function]}
      style={
        Object {
          "alignItems": "center",
          "backgroundColor": "rgb(0, 122, 255)",
          "borderBottomLeftRadius": 5,
          "borderColor": "rgb(0, 122, 255)",
          "borderRadius": 0,
          "borderRightWidth": 1,
          "borderTopLeftRadius": 5,
          "borderWidth": 1,
          "flex": 1,
          "justifyContent": "center",
          "opacity": 1,
          "paddingVertical": 5,
        }
      }
    >
      <View
        style={
          Object {
            "flexDirection": "row",
          }
        }
      >
        <Text
          allowFontScaling={true}
          ellipsizeMode="tail"
          numberOfLines={1}
          style={
            Array [
              Object {
                "color": "#0076FF",
              },
              Object {
                "color": "rgb(0, 122, 255)",
              },
              Array [
                Object {
                  "color": "white",
                },
                Object {
                  "color": "#fff",
                },
              ],
            ]
          }
        >
          Formatted a
        </Text>
      </View>
    </View>
    <View
      accessibilityLabel="Formatted b"
      accessible={true}
      focusable={true}
      isTVSelectable={true}
      onClick={[Function]}
      onResponderGrant={[Function]}
      onResponderMove={[Function]}
      onResponderRelease={[Function]}
      onResponderTerminate={[Function]}
      onResponderTerminationRequest={[Function]}
      onStartShouldSetResponder={[Function]}
      style={
        Object {
          "alignItems": "center",
          "backgroundColor": "white",
          "borderBottomRightRadius": 5,
          "borderColor": "rgb(0, 122, 255)",
          "borderLeftWidth": 0,
          "borderRadius": 0,
          "borderTopRightRadius": 5,
          "borderWidth": 1,
          "flex": 1,
          "justifyContent": "center",
          "opacity": 1,
          "paddingVertical": 5,
        }
      }
    >
      <View
        style={
          Object {
            "flexDirection": "row",
          }
        }
      >
        <Text
          allowFontScaling={true}
          ellipsizeMode="tail"
          numberOfLines={1}
          style={
            Array [
              Object {
                "color": "#0076FF",
              },
              Object {
                "color": "rgb(0, 122, 255)",
              },
              Object {},
            ]
          }
        >
          Formatted b
        </Text>
      </View>
    </View>
  </View>
</View>
`;
