// Jest Snapshot v1, https://goo.gl/fbAQLP

exports[`Animation renders 1`] = `
<View
  style={Object {}}
  testID="animation-test"
>
  <Text>
    Hello
  </Text>
</View>
`;
