// Jest Snapshot v1, https://goo.gl/fbAQLP

exports[`QRCode renders a qr code 1`] = `
<View
  style={Object {}}
>
  <RNSVGSvgView
    align="xMidYMid"
    bbHeight={100}
    bbWidth={100}
    focusable={false}
    height={100}
    meetOrSlice={0}
    minX={0}
    minY={0}
    style={
      Array [
        Object {
          "backgroundColor": "transparent",
          "borderWidth": 0,
        },
        undefined,
        Object {
          "opacity": 1,
        },
        Object {
          "flex": 0,
          "height": 100,
          "width": 100,
        },
      ]
    }
    vbHeight={100}
    vbWidth={100}
    width={100}
  >
    <RNSVGGroup
      fill={
        Array [
          0,
          4278190080,
        ]
      }
      fillOpacity={1}
      fillRule={1}
      font={Object {}}
      matrix={
        Array [
          1,
          0,
          0,
          1,
          0,
          0,
        ]
      }
      opacity={1}
      originX={0}
      originY={0}
      propList={Array []}
      rotation={0}
      scaleX={1}
      scaleY={1}
      skewX={0}
      skewY={0}
      stroke={null}
      strokeDasharray={null}
      strokeDashoffset={null}
      strokeLinecap={0}
      strokeLinejoin={0}
      strokeMiterlimit={4}
      strokeOpacity={1}
      strokeWidth={1}
      vectorEffect={0}
      x={0}
      y={0}
    >
      <RNSVGDefs>
        <RNSVGLinearGradient
          gradient={
            Array [
              0,
              -65536,
              1,
              -16711681,
            ]
          }
          gradientTransform={
            Array [
              1,
              0,
              0,
              1,
              0,
              0,
            ]
          }
          gradientUnits={0}
          name="grad"
          x1="0%"
          x2="100%"
          y1="0%"
          y2="100%"
        />
      </RNSVGDefs>
      <RNSVGGroup
        fill={
          Array [
            0,
            4278190080,
          ]
        }
        fillOpacity={1}
        fillRule={1}
        font={Object {}}
        matrix={
          Array [
            1,
            0,
            0,
            1,
            0,
            0,
          ]
        }
        opacity={1}
        originX={0}
        originY={0}
        propList={Array []}
        rotation={0}
        scaleX={1}
        scaleY={1}
        skewX={0}
        skewY={0}
        stroke={null}
        strokeDasharray={null}
        strokeDashoffset={null}
        strokeLinecap={0}
        strokeLinejoin={0}
        strokeMiterlimit={4}
        strokeOpacity={1}
        strokeWidth={1}
        vectorEffect={0}
        x={0}
        y={0}
      >
        <RNSVGRect
          fill={
            Array [
              0,
              4294967295,
            ]
          }
          fillOpacity={1}
          fillRule={1}
          height={100}
          matrix={
            Array [
              1,
              0,
              0,
              1,
              0,
              0,
            ]
          }
          opacity={1}
          originX={0}
          originY={0}
          propList={
            Array [
              "fill",
            ]
          }
          rotation={0}
          scaleX={1}
          scaleY={1}
          skewX={0}
          skewY={0}
          stroke={null}
          strokeDasharray={null}
          strokeDashoffset={null}
          strokeLinecap={0}
          strokeLinejoin={0}
          strokeMiterlimit={4}
          strokeOpacity={1}
          strokeWidth={1}
          vectorEffect={0}
          width={100}
          x={-0}
          y={-0}
        />
      </RNSVGGroup>
      <RNSVGGroup
        fill={
          Array [
            0,
            4278190080,
          ]
        }
        fillOpacity={1}
        fillRule={1}
        font={Object {}}
        matrix={
          Array [
            1,
            0,
            0,
            1,
            0,
            0,
          ]
        }
        opacity={1}
        originX={0}
        originY={0}
        propList={Array []}
        rotation={0}
        scaleX={1}
        scaleY={1}
        skewX={0}
        skewY={0}
        stroke={null}
        strokeDasharray={null}
        strokeDashoffset={null}
        strokeLinecap={0}
        strokeLinejoin={0}
        strokeMiterlimit={4}
        strokeOpacity={1}
        strokeWidth={1}
        vectorEffect={0}
        x={0}
        y={0}
      >
        <RNSVGPath
          d="M0 2.380952380952381 L33.333333333333336 2.380952380952381 M57.14285714285714 2.380952380952381 L61.904761904761905 2.380952380952381 M66.66666666666667 2.380952380952381 L100 2.380952380952381 M0 7.142857142857142 L4.761904761904762 7.142857142857142 M28.57142857142857 7.142857142857142 L33.333333333333336 7.142857142857142 M42.857142857142854 7.142857142857142 L47.61904761904762 7.142857142857142 M52.38095238095238 7.142857142857142 L57.14285714285714 7.142857142857142 M66.66666666666667 7.142857142857142 L71.42857142857143 7.142857142857142 M95.23809523809524 7.142857142857142 L100 7.142857142857142 M0 11.904761904761905 L4.761904761904762 11.904761904761905 M9.523809523809524 11.904761904761905 L23.80952380952381 11.904761904761905 M28.57142857142857 11.904761904761905 L33.333333333333336 11.904761904761905 M38.095238095238095 11.904761904761905 L42.857142857142854 11.904761904761905 M47.61904761904762 11.904761904761905 L61.904761904761905 11.904761904761905 M66.66666666666667 11.904761904761905 L71.42857142857143 11.904761904761905 M76.19047619047619 11.904761904761905 L90.47619047619048 11.904761904761905 M95.23809523809524 11.904761904761905 L100 11.904761904761905 M0 16.666666666666664 L4.761904761904762 16.666666666666664 M9.523809523809524 16.666666666666664 L23.80952380952381 16.666666666666664 M28.57142857142857 16.666666666666664 L33.333333333333336 16.666666666666664 M38.095238095238095 16.666666666666664 L42.857142857142854 16.666666666666664 M66.66666666666667 16.666666666666664 L71.42857142857143 16.666666666666664 M76.19047619047619 16.666666666666664 L90.47619047619048 16.666666666666664 M95.23809523809524 16.666666666666664 L100 16.666666666666664 M0 21.428571428571427 L4.761904761904762 21.428571428571427 M9.523809523809524 21.428571428571427 L23.80952380952381 21.428571428571427 M28.57142857142857 21.428571428571427 L33.333333333333336 21.428571428571427 M38.095238095238095 21.428571428571427 L47.61904761904762 21.428571428571427 M57.14285714285714 21.428571428571427 L61.904761904761905 21.428571428571427 M66.66666666666667 21.428571428571427 L71.42857142857143 21.428571428571427 M76.19047619047619 21.428571428571427 L90.47619047619048 21.428571428571427 M95.23809523809524 21.428571428571427 L100 21.428571428571427 M0 26.19047619047619 L4.761904761904762 26.19047619047619 M28.57142857142857 26.19047619047619 L33.333333333333336 26.19047619047619 M38.095238095238095 26.19047619047619 L57.14285714285714 26.19047619047619 M66.66666666666667 26.19047619047619 L71.42857142857143 26.19047619047619 M95.23809523809524 26.19047619047619 L100 26.19047619047619 M0 30.95238095238095 L33.333333333333336 30.95238095238095 M38.095238095238095 30.95238095238095 L42.857142857142854 30.95238095238095 M47.61904761904762 30.95238095238095 L52.38095238095238 30.95238095238095 M57.14285714285714 30.95238095238095 L61.904761904761905 30.95238095238095 M66.66666666666667 30.95238095238095 L100 30.95238095238095 M38.095238095238095 35.714285714285715 L42.857142857142854 35.714285714285715 M47.61904761904762 35.714285714285715 L52.38095238095238 35.714285714285715 M0 40.476190476190474 L4.761904761904762 40.476190476190474 M9.523809523809524 40.476190476190474 L33.333333333333336 40.476190476190474 M42.857142857142854 40.476190476190474 L57.14285714285714 40.476190476190474 M66.66666666666667 40.476190476190474 L90.47619047619048 40.476190476190474 M14.285714285714285 45.238095238095234 L23.80952380952381 45.238095238095234 M33.333333333333336 45.238095238095234 L42.857142857142854 45.238095238095234 M57.14285714285714 45.238095238095234 L66.66666666666667 45.238095238095234 M76.19047619047619 45.238095238095234 L90.47619047619048 45.238095238095234 M95.23809523809524 45.238095238095234 L100 45.238095238095234 M14.285714285714285 50 L19.047619047619047 50 M28.57142857142857 50 L33.333333333333336 50 M38.095238095238095 50 L52.38095238095238 50 M57.14285714285714 50 L71.42857142857143 50 M80.95238095238095 50 L95.23809523809524 50 M4.761904761904762 54.76190476190476 L14.285714285714285 54.76190476190476 M23.80952380952381 54.76190476190476 L28.57142857142857 54.76190476190476 M33.333333333333336 54.76190476190476 L38.095238095238095 54.76190476190476 M47.61904761904762 54.76190476190476 L66.66666666666667 54.76190476190476 M71.42857142857143 54.76190476190476 L76.19047619047619 54.76190476190476 M80.95238095238095 54.76190476190476 L90.47619047619048 54.76190476190476 M0 59.52380952380952 L9.523809523809524 59.52380952380952 M14.285714285714285 59.52380952380952 L33.333333333333336 59.52380952380952 M38.095238095238095 59.52380952380952 L42.857142857142854 59.52380952380952 M57.14285714285714 59.52380952380952 L61.904761904761905 59.52380952380952 M66.66666666666667 59.52380952380952 L76.19047619047619 59.52380952380952 M95.23809523809524 59.52380952380952 L100 59.52380952380952 M38.095238095238095 64.28571428571429 L42.857142857142854 64.28571428571429 M61.904761904761905 64.28571428571429 L85.71428571428571 64.28571428571429 M0 69.04761904761905 L33.333333333333336 69.04761904761905 M42.857142857142854 69.04761904761905 L52.38095238095238 69.04761904761905 M57.14285714285714 69.04761904761905 L76.19047619047619 69.04761904761905 M85.71428571428571 69.04761904761905 L95.23809523809524 69.04761904761905 M0 73.80952380952381 L4.761904761904762 73.80952380952381 M28.57142857142857 73.80952380952381 L33.333333333333336 73.80952380952381 M38.095238095238095 73.80952380952381 L42.857142857142854 73.80952380952381 M47.61904761904762 73.80952380952381 L52.38095238095238 73.80952380952381 M57.14285714285714 73.80952380952381 L66.66666666666667 73.80952380952381 M71.42857142857143 73.80952380952381 L76.19047619047619 73.80952380952381 M80.95238095238095 73.80952380952381 L95.23809523809524 73.80952380952381 M0 78.57142857142857 L4.761904761904762 78.57142857142857 M9.523809523809524 78.57142857142857 L23.80952380952381 78.57142857142857 M28.57142857142857 78.57142857142857 L33.333333333333336 78.57142857142857 M38.095238095238095 78.57142857142857 L47.61904761904762 78.57142857142857 M52.38095238095238 78.57142857142857 L71.42857142857143 78.57142857142857 M76.19047619047619 78.57142857142857 L80.95238095238095 78.57142857142857 M90.47619047619048 78.57142857142857 L100 78.57142857142857 M0 83.33333333333333 L4.761904761904762 83.33333333333333 M9.523809523809524 83.33333333333333 L23.80952380952381 83.33333333333333 M28.57142857142857 83.33333333333333 L33.333333333333336 83.33333333333333 M38.095238095238095 83.33333333333333 L42.857142857142854 83.33333333333333 M47.61904761904762 83.33333333333333 L52.38095238095238 83.33333333333333 M71.42857142857143 83.33333333333333 L85.71428571428571 83.33333333333333 M0 88.09523809523809 L4.761904761904762 88.09523809523809 M9.523809523809524 88.09523809523809 L23.80952380952381 88.09523809523809 M28.57142857142857 88.09523809523809 L33.333333333333336 88.09523809523809 M38.095238095238095 88.09523809523809 L61.904761904761905 88.09523809523809 M66.66666666666667 88.09523809523809 L76.19047619047619 88.09523809523809 M85.71428571428571 88.09523809523809 L90.47619047619048 88.09523809523809 M0 92.85714285714286 L4.761904761904762 92.85714285714286 M28.57142857142857 92.85714285714286 L33.333333333333336 92.85714285714286 M47.61904761904762 92.85714285714286 L52.38095238095238 92.85714285714286 M57.14285714285714 92.85714285714286 L66.66666666666667 92.85714285714286 M76.19047619047619 92.85714285714286 L90.47619047619048 92.85714285714286 M0 97.61904761904762 L33.333333333333336 97.61904761904762 M38.095238095238095 97.61904761904762 L47.61904761904762 97.61904761904762 M52.38095238095238 97.61904761904762 L57.14285714285714 97.61904761904762 M66.66666666666667 97.61904761904762 L71.42857142857143 97.61904761904762 M76.19047619047619 97.61904761904762 L80.95238095238095 97.61904761904762 M90.47619047619048 97.61904761904762 L95.23809523809524 97.61904761904762 "
          fill={
            Array [
              0,
              4278190080,
            ]
          }
          fillOpacity={1}
          fillRule={1}
          matrix={
            Array [
              1,
              0,
              0,
              1,
              0,
              0,
            ]
          }
          opacity={1}
          originX={0}
          originY={0}
          propList={
            Array [
              "stroke",
              "strokeWidth",
            ]
          }
          rotation={0}
          scaleX={1}
          scaleY={1}
          skewX={0}
          skewY={0}
          stroke={
            Array [
              0,
              4278190080,
            ]
          }
          strokeDasharray={null}
          strokeDashoffset={null}
          strokeLinecap={0}
          strokeLinejoin={0}
          strokeMiterlimit={4}
          strokeOpacity={1}
          strokeWidth={4.761904761904762}
          vectorEffect={0}
          x={0}
          y={0}
        />
      </RNSVGGroup>
    </RNSVGGroup>
  </RNSVGSvgView>
</View>
`;

exports[`QRCode renders an empty container when there is no value 1`] = `
<View
  style={Object {}}
/>
`;
