// Jest Snapshot v1, https://goo.gl/fbAQLP

exports[`Pagination disables first page button if is first page 1`] = `
<div
  className="pagination"
>
  <button
    className="btn"
    disabled={true}
    onClick={[Function]}
  >
    <span
      className="glyphicon glyphicon-step-backward"
    />
  </button>
  <button
    className="btn"
    disabled={false}
    onClick={[Function]}
  >
    <span
      className="glyphicon glyphicon-backward"
    />
  </button>
  <div
    className="paging-status"
  >
    1
     to 
    5
     
    of 25
  </div>
  <button
    className="btn"
    disabled={false}
    onClick={[Function]}
  >
    <span
      className="glyphicon glyphicon-forward"
    />
  </button>
  <button
    className="btn"
    disabled={false}
    onClick={[Function]}
  >
    <span
      className="glyphicon glyphicon-step-forward"
    />
  </button>
</div>
`;

exports[`Pagination disables next button if is last page 1`] = `
<div
  className="pagination"
>
  <button
    className="btn"
    disabled={true}
    onClick={[Function]}
  >
    <span
      className="glyphicon glyphicon-step-backward"
    />
  </button>
  <button
    className="btn"
    disabled={false}
    onClick={[Function]}
  >
    <span
      className="glyphicon glyphicon-backward"
    />
  </button>
  <div
    className="paging-status"
  >
    1
     to 
    25
     
    of 25
  </div>
  <button
    className="btn"
    disabled={true}
    onClick={[Function]}
  >
    <span
      className="glyphicon glyphicon-forward"
    />
  </button>
  <button
    className="btn"
    disabled={false}
    onClick={[Function]}
  >
    <span
      className="glyphicon glyphicon-step-forward"
    />
  </button>
</div>
`;

exports[`Pagination disables previous button if is first page 1`] = `
<div
  className="pagination"
>
  <button
    className="btn"
    disabled={true}
    onClick={[Function]}
  >
    <span
      className="glyphicon glyphicon-step-backward"
    />
  </button>
  <button
    className="btn"
    disabled={true}
    onClick={[Function]}
  >
    <span
      className="glyphicon glyphicon-backward"
    />
  </button>
  <div
    className="paging-status"
  >
    1
     to 
    5
     
    of 25
  </div>
  <button
    className="btn"
    disabled={false}
    onClick={[Function]}
  >
    <span
      className="glyphicon glyphicon-forward"
    />
  </button>
  <button
    className="btn"
    disabled={false}
    onClick={[Function]}
  >
    <span
      className="glyphicon glyphicon-step-forward"
    />
  </button>
</div>
`;

exports[`Pagination renders the current page correctly 1`] = `
<div
  className="pagination"
>
  <button
    className="btn"
    disabled={false}
    onClick={[Function]}
  >
    <span
      className="glyphicon glyphicon-step-backward"
    />
  </button>
  <button
    className="btn"
    disabled={false}
    onClick={[Function]}
  >
    <span
      className="glyphicon glyphicon-backward"
    />
  </button>
  <div
    className="paging-status"
  >
    21
     to 
    25
     
    of 25
  </div>
  <button
    className="btn"
    disabled={false}
    onClick={[Function]}
  >
    <span
      className="glyphicon glyphicon-forward"
    />
  </button>
  <button
    className="btn"
    disabled={true}
    onClick={[Function]}
  >
    <span
      className="glyphicon glyphicon-step-forward"
    />
  </button>
</div>
`;

exports[`Pagination renders the current page correctly with server side paging 1`] = `
<div
  className="pagination"
>
  <button
    className="btn"
    disabled={true}
    onClick={[Function]}
  >
    <span
      className="glyphicon glyphicon-step-backward"
    />
  </button>
  <button
    className="btn"
    disabled={false}
    onClick={[Function]}
  >
    <span
      className="glyphicon glyphicon-backward"
    />
  </button>
  <div
    className="paging-status"
  >
    1
     to 
    5
     
  </div>
  <button
    className="btn"
    disabled={false}
    onClick={[Function]}
  >
    <span
      className="glyphicon glyphicon-forward"
    />
  </button>
</div>
`;

exports[`Pagination renders the current page correctly with without pages 1`] = `
<div
  className="pagination"
>
  <button
    className="btn"
    disabled={true}
    onClick={[Function]}
  >
    <span
      className="glyphicon glyphicon-step-backward"
    />
  </button>
  <button
    className="btn"
    disabled={false}
    onClick={[Function]}
  >
    <span
      className="glyphicon glyphicon-backward"
    />
  </button>
  <div
    className="paging-status"
  >
    1
     to 
    5
     
    of 0
  </div>
  <button
    className="btn"
    disabled={false}
    onClick={[Function]}
  >
    <span
      className="glyphicon glyphicon-forward"
    />
  </button>
  <button
    className="btn"
    disabled={false}
    onClick={[Function]}
  >
    <span
      className="glyphicon glyphicon-step-forward"
    />
  </button>
</div>
`;

exports[`Pagination renders the structure correctly 1`] = `
<div
  className="pagination"
>
  <button
    className="btn"
    disabled={true}
    onClick={[Function]}
  >
    <span
      className="glyphicon glyphicon-step-backward"
    />
  </button>
  <button
    className="btn"
    disabled={false}
    onClick={[Function]}
  >
    <span
      className="glyphicon glyphicon-backward"
    />
  </button>
  <div
    className="paging-status"
  >
    1
     to 
    5
     
    of 25
  </div>
  <button
    className="btn"
    disabled={false}
    onClick={[Function]}
  >
    <span
      className="glyphicon glyphicon-forward"
    />
  </button>
  <button
    className="btn"
    disabled={false}
    onClick={[Function]}
  >
    <span
      className="glyphicon glyphicon-step-forward"
    />
  </button>
</div>
`;
