// Jest Snapshot v1, https://goo.gl/fbAQLP

exports[`renders 1`] = `
<Maps
  defaultZoomLevel="city"
  dynamicMarkers={Array []}
  fitToMarkers={true}
  interactive={true}
  mapType="standard"
  markers={
    Array [
      Object {
        "iconColor": "red",
        "iconSize": 1,
        "latitude": Object {
          "status": "available",
          "value": "35.6895",
        },
        "locationType": "latlng",
        "longitude": Object {
          "status": "available",
          "value": "139.6917",
        },
      },
      Object {
        "iconColor": "red",
        "iconSize": 1,
        "latitude": Object {
          "status": "available",
          "value": "52.3702",
        },
        "locationType": "latlng",
        "longitude": Object {
          "status": "available",
          "value": "4.8952",
        },
      },
    ]
  }
  maxZoomLevel="streets"
  minZoomLevel="city"
  name="maps-test"
  provider="default"
  showsUserLocation={false}
  style={Array []}
>
  <View
    style={
      Object {
        "minHeight": 50,
      }
    }
    testID="maps-test"
  >
    <View
      style={
        Object {
          "minHeight": 50,
        }
      }
      testID="maps-test"
    >
      <MapView
        cacheEnabled={false}
        liteMode={false}
        mapPadding={
          Object {
            "bottom": 48,
            "left": 48,
            "right": 48,
            "top": 48,
          }
        }
        mapType="standard"
        maxZoomLevel={15}
        minZoomLevel={3}
        onMapReady={[Function]}
        onRegionChangeComplete={[Function]}
        pitchEnabled={false}
        provider={null}
        rotateEnabled={true}
        scrollEnabled={true}
        showsMyLocationButton={false}
        showsPointsOfInterest={false}
        showsTraffic={false}
        showsUserLocation={false}
        style={
          Object {
            "alignSelf": "stretch",
            "flex": 1,
          }
        }
        zoomEnabled={true}
      >
        <AIRMap
          cacheEnabled={false}
          handlePanDrag={false}
          initialRegion={null}
          liteMode={false}
          mapPadding={
            Object {
              "bottom": 48,
              "left": 48,
              "right": 48,
              "top": 48,
            }
          }
          mapType="standard"
          maxZoomLevel={15}
          minZoomLevel={3}
          onChange={[Function]}
          onLayout={[Function]}
          onMapReady={[Function]}
          onMarkerPress={[Function]}
          onRegionChangeComplete={[Function]}
          pitchEnabled={false}
          provider={null}
          region={null}
          rotateEnabled={true}
          scrollEnabled={true}
          showsMyLocationButton={false}
          showsPointsOfInterest={false}
          showsTraffic={false}
          showsUserLocation={false}
          style={
            Object {
              "alignSelf": "stretch",
              "flex": 1,
            }
          }
          zoomEnabled={true}
        >
          <AIRMap
            cacheEnabled={false}
            handlePanDrag={false}
            initialRegion={null}
            liteMode={false}
            mapPadding={
              Object {
                "bottom": 48,
                "left": 48,
                "right": 48,
                "top": 48,
              }
            }
            mapType="standard"
            maxZoomLevel={15}
            minZoomLevel={3}
            onChange={[Function]}
            onLayout={[Function]}
            onMapReady={[Function]}
            onMarkerPress={[Function]}
            onRegionChangeComplete={[Function]}
            pitchEnabled={false}
            provider={null}
            region={null}
            rotateEnabled={true}
            scrollEnabled={true}
            showsMyLocationButton={false}
            showsPointsOfInterest={false}
            showsTraffic={false}
            showsUserLocation={false}
            style={
              Object {
                "alignSelf": "stretch",
                "flex": 1,
              }
            }
            zoomEnabled={true}
          >
            <MapMarker
              coordinate={
                Object {
                  "latitude": 35.6895,
                  "longitude": 139.6917,
                }
              }
              key="map_marker_0"
              onPress={[Function]}
              opacity={1}
              pinColor="red"
              stopPropagation={false}
            >
              <AIRMapMarker
                coordinate={
                  Object {
                    "latitude": 35.6895,
                    "longitude": 139.6917,
                  }
                }
                onPress={[Function]}
                opacity={1}
                pinColor="red"
                stopPropagation={false}
                style={
                  Array [
                    Object {
                      "backgroundColor": "transparent",
                      "position": "absolute",
                    },
                    undefined,
                  ]
                }
              >
                <AIRMapMarker
                  coordinate={
                    Object {
                      "latitude": 35.6895,
                      "longitude": 139.6917,
                    }
                  }
                  onPress={[Function]}
                  opacity={1}
                  pinColor="red"
                  stopPropagation={false}
                  style={
                    Array [
                      Object {
                        "backgroundColor": "transparent",
                        "position": "absolute",
                      },
                      undefined,
                    ]
                  }
                />
              </AIRMapMarker>
            </MapMarker>
            <MapMarker
              coordinate={
                Object {
                  "latitude": 52.3702,
                  "longitude": 4.8952,
                }
              }
              key="map_marker_1"
              onPress={[Function]}
              opacity={1}
              pinColor="red"
              stopPropagation={false}
            >
              <AIRMapMarker
                coordinate={
                  Object {
                    "latitude": 52.3702,
                    "longitude": 4.8952,
                  }
                }
                onPress={[Function]}
                opacity={1}
                pinColor="red"
                stopPropagation={false}
                style={
                  Array [
                    Object {
                      "backgroundColor": "transparent",
                      "position": "absolute",
                    },
                    undefined,
                  ]
                }
              >
                <AIRMapMarker
                  coordinate={
                    Object {
                      "latitude": 52.3702,
                      "longitude": 4.8952,
                    }
                  }
                  onPress={[Function]}
                  opacity={1}
                  pinColor="red"
                  stopPropagation={false}
                  style={
                    Array [
                      Object {
                        "backgroundColor": "transparent",
                        "position": "absolute",
                      },
                      undefined,
                    ]
                  }
                />
              </AIRMapMarker>
            </MapMarker>
          </AIRMap>
        </AIRMap>
      </MapView>
      <View
        style={
          Object {
            "alignItems": "center",
            "backgroundColor": "#fafafa",
            "bottom": 0,
            "justifyContent": "center",
            "left": 0,
            "position": "absolute",
            "right": 0,
            "top": 0,
            "zIndex": 99,
          }
        }
      >
        <View
          style={
            Object {
              "alignItems": "center",
              "backgroundColor": "#fafafa",
              "bottom": 0,
              "justifyContent": "center",
              "left": 0,
              "position": "absolute",
              "right": 0,
              "top": 0,
              "zIndex": 99,
            }
          }
        >
          <ActivityIndicator
            animating={true}
            color="#999999"
            hidesWhenStopped={true}
            size="large"
          >
            <ActivityIndicator
              animating={true}
              color="#999999"
              hidesWhenStopped={true}
              size="large"
            />
          </ActivityIndicator>
        </View>
      </View>
    </View>
  </View>
</Maps>
`;
